stock 1 done 6.3
stock 2 done 11.4
stock 3 done 16.6
stock 7 done 21.6
r1 1 done 27.9
r1 2 done 33.0
r1 3 done 38.2
r1 7 done 43.3
r2 1 done 49.8
r2 2 done 55.2
r2 3 done 60.5
r2 7 done 65.6
{
  "stock": {
    "steps": 13800766,
    "static_cases": 252,
    "static_monitor_fault_cases": 0,
    "sequence_count": 4,
    "sequence_ticks": 86,
    "sequence_fault_ticks": 0
  },
  "r1": {
    "steps": 13798018,
    "static_cases": 252,
    "static_monitor_fault_cases": 108,
    "sequence_count": 4,
    "sequence_ticks": 86,
    "sequence_fault_ticks": 75
  },
  "r2": {
    "steps": 13800608,
    "static_cases": 252,
    "static_monitor_fault_cases": 0,
    "sequence_count": 4,
    "sequence_ticks": 86,
    "sequence_fault_ticks": 0
  }
}
COMPLETE
